[10:38:28]-admin:USE dd;
[10:40:10]-admin:INSERT INTO student VALUES("24301074");
[10:40:24]-admin:SQL语句执行失败：字段数量不匹配：期望 1 个，实际 0 个
[10:40:32]-admin:SQL语句执行失败：字段数量不匹配：期望 1 个，实际 0 个
[10:40:35]-admin:SQL语句执行失败：字段数量不匹配：期望 1 个，实际 0 个
[10:40:43]-admin:SQL语句执行失败：NOT NULL 约束违反：字段 学号 不能为空
[10:43:14]-admin:SQL语句执行失败：字段数量不匹配：期望 1 个，实际 2 个
[10:45:48]-admin:use dd;
[10:45:54]-admin:CREATE TABLE student (
    id INT PRIMARY KEY,
    name VARCHAR(5) NOT NULL,
    age INT DEFAULT 18,
    phone INT UNIQUE
);
[10:46:01]-admin:INSERT INTO student VALUES (1, 'Tom', 20, 100);
[10:46:11]-admin:INSERT INTO student VALUES (2, 'Jack', NULL, 200);
[10:46:27]-admin:SQL语句执行失败：NOT NULL 约束违反：字段 name 不能为空
[10:46:37]-admin:SQL语句执行失败：字段数量不匹配：期望 4 个，实际 3 个
[10:46:45]-admin:SQL语句执行失败：PRIMARY KEY 约束违反：字段 id 的值 '1' 已存在
[10:46:46]-admin:SQL语句执行失败：PRIMARY KEY 约束违反：字段 id 的值 '1' 已存在
[10:46:54]-admin:SQL语句执行失败：类型约束违反：字段 age 应为 INT 类型，实际值为 'abc'
